\BOOKMARK [1][-]{section.1}{\376\377\000D\000e\000n\000a\000v\000i\000t\040\023\000H\000a\000r\000t\000e\000n\000b\000e\000r\000g\000\040\000C\000o\000n\000v\000e\000n\000t\000i\000o\000n}{}% 1
\BOOKMARK [2][-]{subsection.1.1}{\376\377\000R\000o\000b\000o\000t\000\040\000D\000e\000s\000c\000r\000i\000p\000t\000i\000o\000n}{section.1}% 2
\BOOKMARK [2][-]{subsection.1.2}{\376\377\000F\000r\000a\000m\000e\000\040\000A\000s\000s\000i\000g\000n\000m\000e\000n\000t\000\040\000\050\000S\000t\000a\000n\000d\000a\000r\000d\000\040\000D\000H\000\040\000C\000o\000n\000v\000e\000n\000t\000i\000o\000n\000\051}{section.1}% 3
\BOOKMARK [2][-]{subsection.1.3}{\376\377\000D\000H\000\040\000P\000a\000r\000a\000m\000e\000t\000e\000r\000\040\000T\000a\000b\000l\000e}{section.1}% 4
\BOOKMARK [1][-]{section.2}{\376\377\000D\000i\000r\000e\000c\000t\000\040\000K\000i\000n\000e\000m\000a\000t\000i\000c\000s}{}% 5
\BOOKMARK [2][-]{subsection.2.1}{\376\377\000M\000e\000t\000h\000o\000d}{section.2}% 6
\BOOKMARK [2][-]{subsection.2.2}{\376\377\000S\000i\000m\000u\000l\000i\000n\000k\000\040\000M\000o\000d\000e\000l}{section.2}% 7
\BOOKMARK [2][-]{subsection.2.3}{\376\377\000V\000a\000l\000i\000d\000a\000t\000i\000o\000n}{section.2}% 8
\BOOKMARK [1][-]{section.3}{\376\377\000I\000n\000v\000e\000r\000s\000e\000\040\000K\000i\000n\000e\000m\000a\000t\000i\000c\000s\000\040\000\050\000C\000l\000o\000s\000e\000d\000-\000F\000o\000r\000m\000\051}{}% 9
\BOOKMARK [2][-]{subsection.3.1}{\376\377\000K\000i\000n\000e\000m\000a\000t\000i\000c\000\040\000D\000e\000c\000o\000u\000p\000l\000i\000n\000g\000\040\000A\000p\000p\000r\000o\000a\000c\000h}{section.3}% 10
\BOOKMARK [2][-]{subsection.3.2}{\376\377\000C\000l\000o\000s\000e\000d\000-\000F\000o\000r\000m\000\040\000S\000o\000l\000u\000t\000i\000o\000n}{section.3}% 11
\BOOKMARK [2][-]{subsection.3.3}{\376\377\000S\000i\000n\000g\000u\000l\000a\000r\000i\000t\000y\000\040\000C\000o\000n\000d\000i\000t\000i\000o\000n\000s}{section.3}% 12
\BOOKMARK [2][-]{subsection.3.4}{\376\377\000S\000i\000m\000u\000l\000i\000n\000k\000\040\000M\000o\000d\000e\000l}{section.3}% 13
\BOOKMARK [2][-]{subsection.3.5}{\376\377\000V\000a\000l\000i\000d\000a\000t\000i\000o\000n}{section.3}% 14
\BOOKMARK [1][-]{section.4}{\376\377\000G\000e\000o\000m\000e\000t\000r\000i\000c\000\040\000J\000a\000c\000o\000b\000i\000a\000n}{}% 15
\BOOKMARK [2][-]{subsection.4.1}{\376\377\000D\000e\000f\000i\000n\000i\000t\000i\000o\000n}{section.4}% 16
\BOOKMARK [2][-]{subsection.4.2}{\376\377\000S\000i\000m\000u\000l\000i\000n\000k\000\040\000M\000o\000d\000e\000l}{section.4}% 17
\BOOKMARK [2][-]{subsection.4.3}{\376\377\000V\000a\000l\000i\000d\000a\000t\000i\000o\000n\000\040\040\023\000\040\000N\000u\000m\000e\000r\000i\000c\000a\000l\000\040\000D\000i\000f\000f\000e\000r\000e\000n\000t\000i\000a\000t\000i\000o\000n}{section.4}% 18
\BOOKMARK [2][-]{subsection.4.4}{\376\377\000S\000i\000n\000g\000u\000l\000a\000r\000i\000t\000y\000\040\000A\000n\000a\000l\000y\000s\000i\000s}{section.4}% 19
\BOOKMARK [1][-]{section.5}{\376\377\000C\000l\000o\000s\000e\000d\000\040\000L\000o\000o\000p\000\040\000I\000n\000v\000e\000r\000s\000e\000\040\000K\000i\000n\000e\000m\000a\000t\000i\000c\000s\000\040\000\050\000C\000L\000I\000K\000\051}{}% 20
\BOOKMARK [2][-]{subsection.5.1}{\376\377\000C\000L\000I\000K\000\040\000L\000a\000w\000\040\000w\000i\000t\000h\000\040\000N\000u\000l\000l\000-\000S\000p\000a\000c\000e\000\040\000S\000t\000a\000b\000i\000l\000i\000s\000a\000t\000i\000o\000n}{section.5}% 21
\BOOKMARK [2][-]{subsection.5.2}{\376\377\000S\000i\000m\000u\000l\000i\000n\000k\000\040\000M\000o\000d\000e\000l}{section.5}% 22
\BOOKMARK [2][-]{subsection.5.3}{\376\377\000V\000a\000l\000i\000d\000a\000t\000i\000o\000n\000\040\000R\000e\000s\000u\000l\000t\000s}{section.5}% 23
\BOOKMARK [2][-]{subsection.5.4}{\376\377\000C\000o\000m\000p\000a\000r\000i\000s\000o\000n\000\040\000w\000i\000t\000h\000\040\000A\000n\000a\000l\000y\000t\000i\000c\000a\000l\000\040\000I\000K\000\040\000\050\000P\000o\000i\000n\000t\000\040\0003\000\051}{section.5}% 24
\BOOKMARK [1][-]{section.6}{\376\377\000C\000o\000d\000e\000\040\000F\000i\000l\000e\000s\000\040\000S\000u\000m\000m\000a\000r\000y}{}% 25
